Starting PRD Compliance Tests...
[PASS] Fibonacci (7)
[PASS] Prime Filter
[PASS] LCM
[PASS] HCF
[PASS] AI (Mumbai)
[PASS] AI (Shimla)
[PASS] Invalid Fibonacci (Negative) (Expected 400 Bad Request)
[PASS] Invalid Function (String) (Expected 400 Bad Request)
[PASS] Invalid Key (Expected 400 Bad Request)
[PASS] Invalid Array (Prime) (Expected 400 Bad Request)
